// Jest Snapshot v1, https://goo.gl/fbAQLP

exports[`NotFoundPage to match snapshot 1`] = `
<div>
  <main
    class="w-full h-screen flex flex-col items-center justify-center gap-4"
  >
    <h1
      class="text-9xl font-bold"
    >
      404
    </h1>
    <p
      class="text-3xl uppercase"
    >
      Page Not Found
    </p>
  </main>
</div>
`;
